{"type":"server-started","port":60774,"host":"127.0.0.1","url_host":"localhost","url":"http://localhost:60774","screen_dir":"/Users/coreywashington/Documents/GitHub/Peptide-mini/.superpowers/brainstorm/6792-1780427492/content","state_dir":"/Users/coreywashington/Documents/GitHub/Peptide-mini/.superpowers/brainstorm/6792-1780427492/state"}
{"type":"screen-added","file":"/Users/coreywashington/Documents/GitHub/Peptide-mini/.superpowers/brainstorm/6792-1780427492/content/design-direction.html"}
{"type":"screen-updated","file":"/Users/coreywashington/Documents/GitHub/Peptide-mini/.superpowers/brainstorm/6792-1780427492/content/design-direction.html"}
{"type":"screen-updated","file":"/Users/coreywashington/Documents/GitHub/Peptide-mini/.superpowers/brainstorm/6792-1780427492/content/design-direction.html"}
{"type":"screen-updated","file":"/Users/coreywashington/Documents/GitHub/Peptide-mini/.superpowers/brainstorm/6792-1780427492/content/design-direction.html"}
{"type":"screen-added","file":"/Users/coreywashington/Documents/GitHub/Peptide-mini/.superpowers/brainstorm/6792-1780427492/content/liquid-glass-cards.html"}
{"type":"screen-updated","file":"/Users/coreywashington/Documents/GitHub/Peptide-mini/.superpowers/brainstorm/6792-1780427492/content/liquid-glass-cards.html"}
{"type":"screen-updated","file":"/Users/coreywashington/Documents/GitHub/Peptide-mini/.superpowers/brainstorm/6792-1780427492/content/liquid-glass-cards.html"}
{"type":"screen-updated","file":"/Users/coreywashington/Documents/GitHub/Peptide-mini/.superpowers/brainstorm/6792-1780427492/content/liquid-glass-cards.html"}
{"type":"screen-added","file":"/Users/coreywashington/Documents/GitHub/Peptide-mini/.superpowers/brainstorm/6792-1780427492/content/liquid-glass-light.html"}
{"type":"screen-updated","file":"/Users/coreywashington/Documents/GitHub/Peptide-mini/.superpowers/brainstorm/6792-1780427492/content/liquid-glass-light.html"}
{"type":"screen-updated","file":"/Users/coreywashington/Documents/GitHub/Peptide-mini/.superpowers/brainstorm/6792-1780427492/content/liquid-glass-light.html"}
{"type":"screen-updated","file":"/Users/coreywashington/Documents/GitHub/Peptide-mini/.superpowers/brainstorm/6792-1780427492/content/liquid-glass-light.html"}
{"type":"screen-added","file":"/Users/coreywashington/Documents/GitHub/Peptide-mini/.superpowers/brainstorm/6792-1780427492/content/waiting-1.html"}
{"type":"screen-updated","file":"/Users/coreywashington/Documents/GitHub/Peptide-mini/.superpowers/brainstorm/6792-1780427492/content/waiting-1.html"}
{"type":"screen-updated","file":"/Users/coreywashington/Documents/GitHub/Peptide-mini/.superpowers/brainstorm/6792-1780427492/content/waiting-1.html"}
{"type":"screen-updated","file":"/Users/coreywashington/Documents/GitHub/Peptide-mini/.superpowers/brainstorm/6792-1780427492/content/waiting-1.html"}
{"type":"screen-added","file":"/Users/coreywashington/Documents/GitHub/Peptide-mini/.superpowers/brainstorm/6792-1780427492/content/app-layout.html"}
{"type":"screen-updated","file":"/Users/coreywashington/Documents/GitHub/Peptide-mini/.superpowers/brainstorm/6792-1780427492/content/app-layout.html"}
{"type":"screen-updated","file":"/Users/coreywashington/Documents/GitHub/Peptide-mini/.superpowers/brainstorm/6792-1780427492/content/app-layout.html"}
{"type":"screen-updated","file":"/Users/coreywashington/Documents/GitHub/Peptide-mini/.superpowers/brainstorm/6792-1780427492/content/app-layout.html"}
{"type":"screen-updated","file":"/Users/coreywashington/Documents/GitHub/Peptide-mini/.superpowers/brainstorm/6792-1780427492/content/app-layout.html"}
{"type":"screen-added","file":"/Users/coreywashington/Documents/GitHub/Peptide-mini/.superpowers/brainstorm/6792-1780427492/content/dark-light-modes.html"}
{"type":"screen-updated","file":"/Users/coreywashington/Documents/GitHub/Peptide-mini/.superpowers/brainstorm/6792-1780427492/content/dark-light-modes.html"}
{"type":"screen-updated","file":"/Users/coreywashington/Documents/GitHub/Peptide-mini/.superpowers/brainstorm/6792-1780427492/content/dark-light-modes.html"}
{"type":"screen-updated","file":"/Users/coreywashington/Documents/GitHub/Peptide-mini/.superpowers/brainstorm/6792-1780427492/content/dark-light-modes.html"}
{"type":"screen-added","file":"/Users/coreywashington/Documents/GitHub/Peptide-mini/.superpowers/brainstorm/6792-1780427492/content/auth-screens.html"}
{"type":"screen-updated","file":"/Users/coreywashington/Documents/GitHub/Peptide-mini/.superpowers/brainstorm/6792-1780427492/content/auth-screens.html"}
{"type":"screen-updated","file":"/Users/coreywashington/Documents/GitHub/Peptide-mini/.superpowers/brainstorm/6792-1780427492/content/auth-screens.html"}
{"type":"screen-updated","file":"/Users/coreywashington/Documents/GitHub/Peptide-mini/.superpowers/brainstorm/6792-1780427492/content/auth-screens.html"}
{"type":"server-stopped","reason":"idle timeout"}
